// Jest Snapshot v1, https://goo.gl/fbAQLP

exports[`ForecastSummary renders correctly 1`] = `
<DocumentFragment>
  <div
    class="forecast-summary"
    data-testid="forecast-summary"
  >
    <div
      class="forecast-summary__date"
    >
      Thu 1st Jan
    </div>
    <img
      alt="weather icon"
      class="forecast-summary__icon"
      data-testid="forecast-icon"
      src="https://openweathermap.org/img/wn/01d@2x.png"
    />
    <div
      class="forecast-summary__temperature"
    >
      11Â°c
    </div>
    <div
      class="forecast-summary__description"
    >
      stubDescription
    </div>
    <div
      class="forecast-summary__link-wrap"
    >
      <button
        class="forecast-summary__link"
        href="#"
        target="blank"
      >
        More details
      </button>
    </div>
  </div>
</DocumentFragment>
`;
